// Jest Snapshot v1, https://goo.gl/fbAQLP

exports[`ArticleList renders correctly 1`] = `
<div>
  <div>
    <h2>
       
    </h2>
    <div>
       
    </div>
    <a>
       
       
    </a>
    <div>
       
    </div>
    <div>
       
    </div>
  </div>
  <div>
    <h2>
       
    </h2>
    <div>
       
    </div>
    <a>
       
       
    </a>
    <div>
       
    </div>
    <div>
       
    </div>
  </div>
</div>
`;
